
- NASM Map file ---------------------------------------------------------------

Source file:  ssdw.asm
Output file:  ssdw.com

-- Symbols --------------------------------------------------------------------

---- No Section ---------------------------------------------------------------

Value     Name
00000080  args_len
00000081  args_data
00000000  cmd_recv_sector
00000001  cmd_write_track
00000008  cmd_reset
000000FF  cmd_quit


---- Section .text ------------------------------------------------------------

Real              Virtual           Name
             119               119  start
             11C               11C  init
             11F               11F  get_frame
             141               141  get_frame.dataloop
             183               183  badchk
             195               195  printc
             1A2               1A2  printz
             1AA               1AA  printz.1
             1B8               1B8  printz.exit
             1BE               1BE  print_hex
             1C9               1C9  print_byte
             1E0               1E0  print_dec
             1ED               1ED  print_dec.print_rec
             1FA               1FA  print_dec.below10
             201               201  print_digit
             20D               20D  print_digit.1
             216               216  get_args
             252               252  first_arg
             262               262  first_arg.test2
             26F               26F  first_arg.test3
             27C               27C  first_arg.test4
             28A               28A  next_arg
             299               299  next_arg.test2
             2A5               2A5  next_arg.test3
             2B1               2B1  next_arg.test4
             2BD               2BD  next_arg.test5
             2C9               2C9  next_arg.test6
             2D5               2D5  next_arg.done_args
             2D8               2D8  is_num
             2E2               2E2  is_num.nope
             2E4               2E4  skip_delim
             2EF               2EF  skip_delim.end
             2F0               2F0  test_delim
             306               306  test_delim.yup
             307               307  print_usage
             310               310  proc_cmd
             331               331  write_track
             36E               36E  print_track
             395               395  copy_sector
             3AE               3AE  reset_drive
             3BC               3BC  compute_checksum
             3C3               3C3  compute_checksum.loop
             3CB               3CB  write_sectors
             3D5               3D5  recv_byte
             3E1               3E1  recv_byte.loop
             404               404  send_byte
             406               406  send_byte.loop
             41D               41D  init_com
             454               454  bye

---- Section .data ------------------------------------------------------------

Real              Virtual           Name
             45C               45C  usage_text
             472               472  bad_cksum_text
             484               484  startcode
             485               485  datalen
             487               487  chksum
             489               489  port_arg
             48A               48A  baud_arg
             48B               48B  com_io
             48D               48D  baud_mult
             48E               48E  file_len
             490               490  file_cksum

---- Section .bss -------------------------------------------------------------

Real              Virtual           Name
             494               494  cmdbuf
             49C               49C  secbuf
             69C               69C  trackbuf

